; Top Design: "MyLibrary_lib:Q63:schematic"
; Netlisted using Hierarchy Policy: "Standard"

Options ResourceUsage=yes UseNutmegFormat=no EnableOptim=no TopDesignName="MyLibrary_lib:Q63:schematic" DcopOutputNodeVoltages=yes DcopOutputPinCurrents=yes DcopOutputAllSweepPoints=no DcopOutputDcopType=0
"BJTM1":BJT1  N__5 N__2 N__1 Mode=1 Noise=yes 
model BJTM1 BJT NPN=1 PNP=0 Bf=100 Vje=0.7 Lateral=0 RbModel=0 Approxqb=1 
R:R1  N__1 0 R=1 kOhm Noise=yes 
R:R2  N__2 0 R=10 kOhm Noise=yes 
R:R3  N__8 N__2 R=90 kOhm Noise=yes 
R:R4  N__8 N__5 R=20 kOhm Noise=yes 
V_Source:SRC1  N__8 0 Type="V_DC" Vdc=10 V SaveCurrent=1 
V_Source:SRC2  Vin 0 Type="VtSine" V[1]=if (_tr_state == 0) then (1 V)*exp(j*2*pi*((0)/360-(0 nsec)*(5 kHz)-.25)-(time-(0 nsec))*(0))*step((time-(0 nsec))+tinyreal) else 0 endif Freq[1]=5 kHz Vdc=0 V V_Tran=if (_tr_state == 1) then damped_sin(time,0,1 V,5 kHz,max(0,0 nsec),0,0) else (1 V)*step(((0 nsec)-time)-tinyreal)*sin(pi*(0)/180) endif SaveCurrent=1 
Tran:Tran1 StartTime=100 usec StopTime=900.0 usec MaxTimeStep=1.0 usec LimitStepForTL=yes TimeStepControl=2 TruncTol=7.0 ChargeTol=1.0e-14 IntegMethod=0 MaxGearOrder=2 \
Mu=0.5 MaxOrder=4 Freq[1]=1.0 GHz Order[1]=3 HB_Window=no \
HB_Sol=no ImpApprox=no ShortTL_Delay=1.0 psec ImpMode=1 UseInitCond=no \
LoadGminDC=no CheckKCL=yes CheckOnlyDeltaV=yes OverloadAlert=no DeviceBypass=no \
MaxIters=10 MaxItersDC=200 DevOpPtLevel=0 StatusLevel=2 OutputAllPoints=yes \
NoiseScale=1 ImpEnforcePassivity=yes \
OutputPlan="Tran1_Output" 

OutputPlan:Tran1_Output \
      Type="Output" \
      UseNodeNestLevel=yes \
      NodeNestLevel=2 \
      UseEquationNestLevel=yes \
      EquationNestLevel=2 \
      UseSavedEquationNestLevel=yes \
      SavedEquationNestLevel=2 \
      UseDeviceCurrentNestLevel=no \
      DeviceCurrentNestLevel=0 \
      DeviceCurrentDeviceType="All" \
      DeviceCurrentSymSyntax=yes \
      UseCurrentNestLevel=yes \
      CurrentNestLevel=999 \
      UseDeviceVoltageNestLevel=no \
      DeviceVoltageNestLevel=0 \
      DeviceVoltageDeviceType="All"

C:C1  N__5 Vo C=100 uF 
C:C2  N__1 0 C=100 uF 
R:R5  Vo 0 R=10 kOhm Noise=yes 
C:C3  Vin N__2 C=100 uF 
